{
  "version": "1.5.0",
  "plugins_used": [
    {
      "name": "ArtifactoryDetector"
    },
    {
      "name": "AWSKeyDetector"
    },
    {
      "name": "AzureStorageKeyDetector"
    },
    {
      "name": "Base64HighEntropyString",
      "limit": 4.5
    },
    {
      "name": "BasicAuthDetector"
    },
    {
      "name": "CloudantDetector"
    },
    {
      "name": "DiscordBotTokenDetector"
    },
    {
      "name": "GitHubTokenDetector"
    },
    {
      "name": "GitLabTokenDetector"
    },
    {
      "name": "HexHighEntropyString",
      "limit": 3.0
    },
    {
      "name": "IbmCloudIamDetector"
    },
    {
      "name": "IbmCosHmacDetector"
    },
    {
      "name": "IPPublicDetector"
    },
    {
      "name": "JwtTokenDetector"
    },
    {
      "name": "KeywordDetector",
      "keyword_exclude": ""
    },
    {
      "name": "MailchimpDetector"
    },
    {
      "name": "NpmDetector"
    },
    {
      "name": "OpenAIDetector"
    },
    {
      "name": "PrivateKeyDetector"
    },
    {
      "name": "PypiTokenDetector"
    },
    {
      "name": "SendGridDetector"
    },
    {
      "name": "SlackDetector"
    },
    {
      "name": "SoftlayerDetector"
    },
    {
      "name": "SquareOAuthDetector"
    },
    {
      "name": "StripeDetector"
    },
    {
      "name": "TelegramBotTokenDetector"
    },
    {
      "name": "TwilioKeyDetector"
    }
  ],
  "filters_used": [
    {
      "path": "detect_secrets.filters.allowlist.is_line_allowlisted"
    },
    {
      "path": "detect_secrets.filters.common.is_ignored_due_to_verification_policies",
      "min_level": 2
    },
    {
      "path": "detect_secrets.filters.heuristic.is_indirect_reference"
    },
    {
      "path": "detect_secrets.filters.heuristic.is_likely_id_string"
    },
    {
      "path": "detect_secrets.filters.heuristic.is_lock_file"
    },
    {
      "path": "detect_secrets.filters.heuristic.is_not_alphanumeric_string"
    },
    {
      "path": "detect_secrets.filters.heuristic.is_potential_uuid"
    },
    {
      "path": "detect_secrets.filters.heuristic.is_prefixed_with_dollar_sign"
    },
    {
      "path": "detect_secrets.filters.heuristic.is_sequential_string"
    },
    {
      "path": "detect_secrets.filters.heuristic.is_swagger_file"
    },
    {
      "path": "detect_secrets.filters.heuristic.is_templated_secret"
    }
  ],
  "results": {
    "backend/tests/fixtures/lp/ghana_english.json": [
      {
        "type": "Hex High Entropy String",
        "filename": "backend/tests/fixtures/lp/ghana_english.json",
        "hashed_secret": "4614316773bb846e08d3c7054fbccb79fe03787a",
        "is_verified": false,
        "line_number": 24
      },
      {
        "type": "Hex High Entropy String",
        "filename": "backend/tests/fixtures/lp/ghana_english.json",
        "hashed_secret": "25005062cb6a6613ea8c3930d57a4ed0e4ca6dc8",
        "is_verified": false,
        "line_number": 52
      }
    ],
    "backend/tests/fixtures/lp/ghana_math.json": [
      {
        "type": "Hex High Entropy String",
        "filename": "backend/tests/fixtures/lp/ghana_math.json",
        "hashed_secret": "5c77f36ac9352cad8aae05ec7d439cebf0ad9e05",
        "is_verified": false,
        "line_number": 16
      },
      {
        "type": "Hex High Entropy String",
        "filename": "backend/tests/fixtures/lp/ghana_math.json",
        "hashed_secret": "53c34d2abfb89bcbb58bfd73206b7be1f1109800",
        "is_verified": false,
        "line_number": 33
      }
    ],
    "backend/tests/fixtures/lp/loader.py": [
      {
        "type": "Hex High Entropy String",
        "filename": "backend/tests/fixtures/lp/loader.py",
        "hashed_secret": "3299bb594fb551843f8875ed0000fb3565ed5175",
        "is_verified": false,
        "line_number": 45
      },
      {
        "type": "Hex High Entropy String",
        "filename": "backend/tests/fixtures/lp/loader.py",
        "hashed_secret": "d0ce7c7b54d9b63dedb8d80e544835ab68297670",
        "is_verified": false,
        "line_number": 46
      },
      {
        "type": "Hex High Entropy String",
        "filename": "backend/tests/fixtures/lp/loader.py",
        "hashed_secret": "5e11dbc347135ad1b2df80633d7709ba305855d8",
        "is_verified": false,
        "line_number": 47
      },
      {
        "type": "Hex High Entropy String",
        "filename": "backend/tests/fixtures/lp/loader.py",
        "hashed_secret": "22e9e25148d19a05b6a4d5f6be64a5d98d394abf",
        "is_verified": false,
        "line_number": 48
      },
      {
        "type": "Hex High Entropy String",
        "filename": "backend/tests/fixtures/lp/loader.py",
        "hashed_secret": "10cfb6f2c46953ffe101f46a3d746a7923539a81",
        "is_verified": false,
        "line_number": 49
      },
      {
        "type": "Hex High Entropy String",
        "filename": "backend/tests/fixtures/lp/loader.py",
        "hashed_secret": "2c8e984d3a1dfa84d19aa6eb209cea953bd06b0d",
        "is_verified": false,
        "line_number": 50
      }
    ],
    "backend/tests/fixtures/lp/madhi_math.json": [
      {
        "type": "Hex High Entropy String",
        "filename": "backend/tests/fixtures/lp/madhi_math.json",
        "hashed_secret": "7d4cf78b7be5a91fdb3acd440348e89a01570d30",
        "is_verified": false,
        "line_number": 22
      },
      {
        "type": "Hex High Entropy String",
        "filename": "backend/tests/fixtures/lp/madhi_math.json",
        "hashed_secret": "6980ff3e58bef266f817b4e717611f36daa1cd95",
        "is_verified": false,
        "line_number": 72
      }
    ],
    "backend/tests/fixtures/lp/nigeria_math.json": [
      {
        "type": "Hex High Entropy String",
        "filename": "backend/tests/fixtures/lp/nigeria_math.json",
        "hashed_secret": "a472780d8a5d473fa45aeb12609ecf693542427a",
        "is_verified": false,
        "line_number": 19
      },
      {
        "type": "Hex High Entropy String",
        "filename": "backend/tests/fixtures/lp/nigeria_math.json",
        "hashed_secret": "665ce5a250151d54b5ecfedc84304fefd224e65b",
        "is_verified": false,
        "line_number": 41
      }
    ],
    "backend/tests/fixtures/lp/pratham_science.json": [
      {
        "type": "Hex High Entropy String",
        "filename": "backend/tests/fixtures/lp/pratham_science.json",
        "hashed_secret": "d8a235a1340f45a0dd32104adc5c1259118a0388",
        "is_verified": false,
        "line_number": 16
      },
      {
        "type": "Hex High Entropy String",
        "filename": "backend/tests/fixtures/lp/pratham_science.json",
        "hashed_secret": "811e7ab2c687c3385ddbe40e376a226538f4bbec",
        "is_verified": false,
        "line_number": 35
      }
    ],
    "backend/tests/fixtures/lp/rwanda_math.json": [
      {
        "type": "Hex High Entropy String",
        "filename": "backend/tests/fixtures/lp/rwanda_math.json",
        "hashed_secret": "371ce181c64209ef153ae277f13c99b0df67e70d",
        "is_verified": false,
        "line_number": 27
      },
      {
        "type": "Hex High Entropy String",
        "filename": "backend/tests/fixtures/lp/rwanda_math.json",
        "hashed_secret": "1b26b68cb12ae07f13e3e81b88640915de8b3380",
        "is_verified": false,
        "line_number": 70
      }
    ],
    "backend/tests/kgfeg/kgs/test_lp_regression_fixtures.py": [
      {
        "type": "Hex High Entropy String",
        "filename": "backend/tests/kgfeg/kgs/test_lp_regression_fixtures.py",
        "hashed_secret": "25005062cb6a6613ea8c3930d57a4ed0e4ca6dc8",
        "is_verified": false,
        "line_number": 29
      },
      {
        "type": "Hex High Entropy String",
        "filename": "backend/tests/kgfeg/kgs/test_lp_regression_fixtures.py",
        "hashed_secret": "4614316773bb846e08d3c7054fbccb79fe03787a",
        "is_verified": false,
        "line_number": 30
      },
      {
        "type": "Hex High Entropy String",
        "filename": "backend/tests/kgfeg/kgs/test_lp_regression_fixtures.py",
        "hashed_secret": "53c34d2abfb89bcbb58bfd73206b7be1f1109800",
        "is_verified": false,
        "line_number": 43
      },
      {
        "type": "Hex High Entropy String",
        "filename": "backend/tests/kgfeg/kgs/test_lp_regression_fixtures.py",
        "hashed_secret": "5c77f36ac9352cad8aae05ec7d439cebf0ad9e05",
        "is_verified": false,
        "line_number": 44
      },
      {
        "type": "Hex High Entropy String",
        "filename": "backend/tests/kgfeg/kgs/test_lp_regression_fixtures.py",
        "hashed_secret": "6980ff3e58bef266f817b4e717611f36daa1cd95",
        "is_verified": false,
        "line_number": 57
      },
      {
        "type": "Hex High Entropy String",
        "filename": "backend/tests/kgfeg/kgs/test_lp_regression_fixtures.py",
        "hashed_secret": "7d4cf78b7be5a91fdb3acd440348e89a01570d30",
        "is_verified": false,
        "line_number": 58
      },
      {
        "type": "Hex High Entropy String",
        "filename": "backend/tests/kgfeg/kgs/test_lp_regression_fixtures.py",
        "hashed_secret": "665ce5a250151d54b5ecfedc84304fefd224e65b",
        "is_verified": false,
        "line_number": 69
      },
      {
        "type": "Hex High Entropy String",
        "filename": "backend/tests/kgfeg/kgs/test_lp_regression_fixtures.py",
        "hashed_secret": "a472780d8a5d473fa45aeb12609ecf693542427a",
        "is_verified": false,
        "line_number": 70
      },
      {
        "type": "Hex High Entropy String",
        "filename": "backend/tests/kgfeg/kgs/test_lp_regression_fixtures.py",
        "hashed_secret": "811e7ab2c687c3385ddbe40e376a226538f4bbec",
        "is_verified": false,
        "line_number": 83
      },
      {
        "type": "Hex High Entropy String",
        "filename": "backend/tests/kgfeg/kgs/test_lp_regression_fixtures.py",
        "hashed_secret": "d8a235a1340f45a0dd32104adc5c1259118a0388",
        "is_verified": false,
        "line_number": 84
      },
      {
        "type": "Hex High Entropy String",
        "filename": "backend/tests/kgfeg/kgs/test_lp_regression_fixtures.py",
        "hashed_secret": "1b26b68cb12ae07f13e3e81b88640915de8b3380",
        "is_verified": false,
        "line_number": 98
      },
      {
        "type": "Hex High Entropy String",
        "filename": "backend/tests/kgfeg/kgs/test_lp_regression_fixtures.py",
        "hashed_secret": "371ce181c64209ef153ae277f13c99b0df67e70d",
        "is_verified": false,
        "line_number": 99
      }
    ],
    "backend/tests/kgfeg/test_regexes.py": [
      {
        "type": "JSON Web Token",
        "filename": "backend/tests/kgfeg/test_regexes.py",
        "hashed_secret": "92a800fa68609f76bfe58e926106352467d3ae8c",
        "is_verified": false,
        "line_number": 400
      }
    ],
    "backend/tests/kgfeg/utils/test_pdf.py": [
      {
        "type": "Hex High Entropy String",
        "filename": "backend/tests/kgfeg/utils/test_pdf.py",
        "hashed_secret": "844ae243591059713e78a5cb12ab7439e4bf486a",
        "is_verified": false,
        "line_number": 22
      },
      {
        "type": "Hex High Entropy String",
        "filename": "backend/tests/kgfeg/utils/test_pdf.py",
        "hashed_secret": "244f421f896bdcdd2784dccf4eaf7c8dfd5189b5",
        "is_verified": false,
        "line_number": 25
      }
    ]
  },
  "generated_at": "2026-09-02T00:37:01Z"
}
